// Jest Snapshot v1, https://goo.gl/fbAQLP

exports[`Logo should match snapshot 1`] = `
<img
  alt="Logo"
  class="block cursor-pointer"
  data-nimg="1"
  decoding="async"
  fetchpriority="high"
  height="31"
  src="/_next/image?url=%2Fimages%2Flogo.png&w=256&q=75"
  srcset="/_next/image?url=%2Fimages%2Flogo.png&w=128&q=75 1x, /_next/image?url=%2Fimages%2Flogo.png&w=256&q=75 2x"
  style="color: transparent;"
  width="100"
/>
`;
